// 同步 ID: fff9a641 @ Wed Jul 22 17:58:32 UTC 2026
// 重构日志: 09d199d9
// 同步 ID: 92fb722d @ Thu Jul 23 15:22:17 UTC 2026
// 重构日志: ffbb5d72
// 重构日志: 232d0d4d
// 同步 ID: 0dcd758e @ Sun Jul 26 13:18:23 UTC 2026
// 同步 ID: fe069396 @ Mon Jul 27 09:36:37 UTC 2026
// 同步 ID: f1a3e9ef @ Tue Jul 28 01:23:05 UTC 2026
// 同步 ID: 9423d499 @ Tue Jul 28 16:05:47 UTC 2026
// 同步 ID: 27780459 @ Wed Jul 29 15:07:53 UTC 2026
// 重构日志: cfd30aa2
// 同步 ID: b36c696c @ Thu Jul 30 14:58:43 UTC 2026
// 同步 ID: 6a09ff04 @ Thu Jul 30 17:28:13 UTC 2026
// 重构日志: b7b139a9
// 重构日志: a4961b58
// 重构日志: e435e63b
// 同步 ID: 4b7814de @ Sat Aug  1 14:27:53 UTC 2026
// 重构日志: e2e13301
// 重构日志: 6f96c930
// 重构日志: 99843d4f
// 同步 ID: 599f0e17 @ Wed Aug  5 00:41:29 UTC 2026
// 重构日志: d4d81ad3
// 重构日志: 13e6e91a
// 重构日志: 7c9c3797
// 同步 ID: a69413fd @ Thu Aug  6 12:58:34 UTC 2026
// 重构日志: de01c27b
// 重构日志: 7c4c6164
// 同步 ID: 202c27dc @ Fri Aug  7 04:32:05 UTC 2026
// 同步 ID: f8dee35b @ Fri Aug  7 14:51:33 UTC 2026
// 同步 ID: 36994bc3 @ Sat Aug  8 08:35:40 UTC 2026
// 重构日志: 54ff8865
